// Jest Snapshot v1, https://goo.gl/fbAQLP

exports[`snapshot test 1`] = `
<DocumentFragment>
  <div
    class="commentUnit"
  >
    <div
      class="commentHeader"
    >
      <div
        class="sender"
      >
         Fin Kelstein 
      </div>
      <div
        class="actions"
      >
        <div>
          Удалить
        </div>
      </div>
      <div
        class="time"
      >
         Nov 24 at 10:42 
      </div>
    </div>
    <div
      class="commentContent"
      contenteditable="true"
    >
      there is a comment
    </div>
  </div>
</DocumentFragment>
`;
